<%@ page contentType="text/html; charset=UTF-8" %>
<%@ page import="logica.GestorTickets" %>
<%@ page import="estructura.NodoDoble" %>

<!DOCTYPE html>
<html>

<head>

    <title>Sistema de Tickets Aéreos</title>

    <!-- ===================================================== -->
    <!-- BOOTSTRAP -->
    <!-- ===================================================== -->

    <link href="https://cdn.jsdelivr.net/npm/bootstrap@5.3.0/dist/css/bootstrap.min.css"
          rel="stylesheet">

    <link rel="stylesheet"
          href="https://cdn.jsdelivr.net/npm/bootstrap-icons@1.11.3/font/bootstrap-icons.min.css">

    <!-- ===================================================== -->
    <!-- ESTILOS -->
    <!-- ===================================================== -->

    <style>

        /* =====================================================
           BODY
        ===================================================== */

        body{
            background-color:#eef2f7;
            font-family:Arial, Helvetica, sans-serif;
        }

        /* =====================================================
           SIDEBAR
        ===================================================== */

        .sidebar{

            position:fixed;
            top:0;
            left:0;

            width:250px;
            height:100vh;

            background:#0f172a;

            padding-top:20px;

            box-shadow:2px 0 10px rgba(0,0,0,0.1);

            z-index:1000;
        }

        .sidebar h3{

            color:white;
            text-align:center;
            margin-bottom:35px;
            font-weight:bold;
        }

        .sidebar a{

            display:block;

            color:#cbd5e1;

            padding:15px 25px;

            text-decoration:none;

            transition:0.3s;
        }

        .sidebar a:hover{

            background:#1e293b;
            color:white;
        }

        /* =====================================================
           CONTENIDO PRINCIPAL
        ===================================================== */

        .main-content{

            margin-left:260px;
            padding:30px;
        }

        /* =====================================================
           TOPBAR
        ===================================================== */

        .topbar{

            background:white;

            padding:20px;

            border-radius:15px;

            box-shadow:0 2px 10px rgba(0,0,0,0.08);

            margin-bottom:30px;
        }

        /* =====================================================
           TITULOS
        ===================================================== */

        .titulo{

            font-weight:bold;
            color:#0f172a;
        }

        .subtitulo{

            color:#64748b;
        }

        /* =====================================================
           CARDS
        ===================================================== */

        .card{

            border:none;
            border-radius:18px;

            box-shadow:0 2px 10px rgba(0,0,0,0.08);
        }

        /* =====================================================
           TABLAS
        ===================================================== */

        .table thead{

            background:#0f172a;
            color:white;
        }

        .table th{

            text-align:center;
            vertical-align:middle;
        }

        .table td{

            vertical-align:middle;
        }

        /* =====================================================
           BOTONES
        ===================================================== */

        .btn{

            border-radius:10px;
        }

        /* =====================================================
           RECORRIDO VISUAL
        ===================================================== */

        .nodo-card{

            border-left:5px solid #0d6efd;
        }

    </style>

</head>

<body>

<%
    GestorTickets gestor =
            (GestorTickets) application.getAttribute("gestor");

    String msg =
            request.getParameter("msg");

    // =====================================================
    // VARIABLES DASHBOARD
    // =====================================================

    int totalTickets = 0;

    String primerTicket = "Sin registros";

    String ultimoTicket = "Sin registros";

    boolean listaVacia = true;

    if (gestor != null &&
        gestor.getLista() != null) {

        totalTickets =
                gestor.totalTickets();

        listaVacia =
                gestor.getLista().estaVacia();

        if (!listaVacia) {

            primerTicket =
                    gestor.getLista()
                          .obtenerPrimerTicket()
                          .getId();

            ultimoTicket =
                    gestor.getLista()
                          .obtenerUltimoTicket()
                          .getId();
        }
    }
%>

<!-- ===================================================== -->
<!-- SIDEBAR -->
<!-- ===================================================== -->

<div class="sidebar">

    <h3>

        <i class="bi bi-airplane-fill"></i>

        Tickets

    </h3>

    <a href="${pageContext.request.contextPath}/tickets">

        <i class="bi bi-speedometer2"></i>

        Dashboard

    </a>

    <a href="#formulario">

        <i class="bi bi-plus-circle"></i>

        Registrar Ticket

    </a>

    <a href="#tabla">

        <i class="bi bi-table"></i>

        Lista Tickets

    </a>

    <a href="#recorrido">

        <i class="bi bi-arrow-left-right"></i>

        Recorrido Inverso

    </a>

    <a href="${pageContext.request.contextPath}/descargar">

        <i class="bi bi-download"></i>

        Descargar TXT

    </a>

</div>

<!-- ===================================================== -->
<!-- CONTENIDO PRINCIPAL -->
<!-- ===================================================== -->

<div class="main-content">

    <!-- ===================================================== -->
    <!-- TOPBAR -->
    <!-- ===================================================== -->

    <div class="topbar d-flex justify-content-between align-items-center">

        <div>

            <h3 class="titulo mb-0">

                Sistema de Tickets Aéreos

            </h3>

            <small class="text-muted">

                Gestión mediante lista doblemente enlazada

            </small>

        </div>

        <div>

            <span class="badge bg-primary p-3">

                <i class="bi bi-database-fill"></i>

                Persistencia TXT

            </span>

        </div>

    </div>

    <!-- ===================================================== -->
    <!-- TITULO -->
    <!-- ===================================================== -->

    <div class="text-center mb-4">

        <h1 class="titulo display-5">

            Gestión Inteligente de Tickets

        </h1>

        <p class="subtitulo">

            Administración completa de tickets,
            persistencia TXT y recorrido bidireccional.

        </p>

    </div>

    <!-- ===================================================== -->
    <!-- DASHBOARD -->
    <!-- ===================================================== -->

    <div class="row mb-4">

        <!-- TOTAL -->
        <div class="col-md-3">

            <div class="card p-4">

                <h6 class="text-muted">

                    Total Tickets

                </h6>

                <h2 class="fw-bold text-primary">

                    <%= totalTickets %>

                </h2>

            </div>

        </div>

        <!-- PRIMER -->
        <div class="col-md-3">

            <div class="card p-4">

                <h6 class="text-muted">

                    Primer Ticket

                </h6>

                <h5 class="fw-bold">

                    <%= primerTicket %>

                </h5>

            </div>

        </div>

        <!-- ULTIMO -->
        <div class="col-md-3">

            <div class="card p-4">

                <h6 class="text-muted">

                    Último Ticket

                </h6>

                <h5 class="fw-bold">

                    <%= ultimoTicket %>

                </h5>

            </div>

        </div>

        <!-- ESTADO -->
        <div class="col-md-3">

            <div class="card p-4">

                <h6 class="text-muted">

                    Estado Lista

                </h6>

                <h5 class="fw-bold">

                    <%
                        if(listaVacia){
                    %>

                        Vacía

                    <%
                        } else {
                    %>

                        Activa

                    <%
                        }
                    %>

                </h5>

            </div>

        </div>

    </div>

    <!-- ===================================================== -->
    <!-- ALERTAS -->
    <!-- ===================================================== -->

    <%
        if ("agregado".equals(msg)) {
    %>

        <div class="alert alert-success alert-dismissible fade show">

            Ticket agregado correctamente.

            <button type="button"
                    class="btn-close"
                    data-bs-dismiss="alert">
            </button>

        </div>

    <%
        } else if ("editado".equals(msg)) {
    %>

        <div class="alert alert-warning alert-dismissible fade show">

            Ticket editado correctamente.

            <button type="button"
                    class="btn-close"
                    data-bs-dismiss="alert">
            </button>

        </div>

    <%
        } else if ("eliminado".equals(msg)) {
    %>

        <div class="alert alert-danger alert-dismissible fade show">

            Ticket eliminado correctamente.

            <button type="button"
                    class="btn-close"
                    data-bs-dismiss="alert">
            </button>

        </div>

    <%
        }
    %>

    <!-- ===================================================== -->
    <!-- FORMULARIO -->
    <!-- ===================================================== -->

    <div class="card p-4 mb-4"
         id="formulario">

        <h4 class="mb-4">

            Registrar Ticket

        </h4>

        <form action="${pageContext.request.contextPath}/tickets"
              method="post">

            <input type="hidden"
                   name="accion"
                   value="agregar">

            <div class="row mb-3">

                <div class="col-md-6">

                    <label class="form-label">

                        ID

                    </label>

                    <input type="text"
                           class="form-control"
                           name="id"
                           required>

                </div>

                <div class="col-md-6">

                    <label class="form-label">

                        Pasajero

                    </label>

                    <input type="text"
                           class="form-control"
                           name="pasajero"
                           required>

                </div>

            </div>

            <div class="row mb-4">

                <div class="col-md-6">

                    <label class="form-label">

                        Origen

                    </label>

                    <input type="text"
                           class="form-control"
                           name="origen"
                           required>

                </div>

                <div class="col-md-6">

                    <label class="form-label">

                        Destino

                    </label>

                    <input type="text"
                           class="form-control"
                           name="destino"
                           required>

                </div>

            </div>

            <button type="submit"
                    class="btn btn-primary btn-lg w-100">

                <i class="bi bi-save"></i>

                Guardar Ticket

            </button>

        </form>

    </div>

    <!-- ===================================================== -->
    <!-- TABLA -->
    <!-- ===================================================== -->

    <div class="card p-4 mb-4"
         id="tabla">

        <div class="d-flex justify-content-between align-items-center mb-4">

            <h4>

                Lista de Tickets

            </h4>

            <input type="text"
                   id="buscadorTickets"
                   class="form-control"
                   placeholder="Buscar ticket..."
                   style="max-width:300px;">

        </div>

        <div class="table-responsive">

            <table class="table table-hover table-bordered">

                <thead>

                    <tr>

                        <th>ID</th>
                        <th>Pasajero</th>
                        <th>Origen</th>
                        <th>Destino</th>
                        <th width="220">Acciones</th>

                    </tr>

                </thead>

                <tbody id="tablaTickets">

                <%
                    if (gestor != null &&
                        gestor.getLista() != null &&
                        gestor.getLista().getCabeza() != null) {

                        NodoDoble actual =
                                gestor.getLista().getCabeza();

                        while(actual != null){
                %>

                    <tr>

                        <td>
                            <%= actual.dato.getId() %>
                        </td>

                        <td>
                            <%= actual.dato.getPasajero() %>
                        </td>

                        <td>
                            <%= actual.dato.getOrigen() %>
                        </td>

                        <td>
                            <%= actual.dato.getDestino() %>
                        </td>

                        <td>

                            <div class="d-flex gap-2 justify-content-center">

                                <!-- EDITAR -->

                                <form action="${pageContext.request.contextPath}/views/editarTicket.jsp"
                                      method="get">

                                    <input type="hidden"
                                           name="id"
                                           value="<%= actual.dato.getId() %>">

                                    <button type="submit"
                                            class="btn btn-warning btn-sm">

                                        <i class="bi bi-pencil-square"></i>

                                        Editar

                                    </button>

                                </form>

                                <!-- ELIMINAR -->

                                <form action="${pageContext.request.contextPath}/tickets"
                                      method="post">

                                    <input type="hidden"
                                           name="accion"
                                           value="eliminar">

                                    <input type="hidden"
                                           name="id"
                                           value="<%= actual.dato.getId() %>">

                                    <button type="submit"
                                            class="btn btn-danger btn-sm"
                                            onclick="return confirmarEliminacion()">

                                        <i class="bi bi-trash"></i>

                                        Eliminar

                                    </button>

                                </form>

                            </div>

                        </td>

                    </tr>

                <%
                            actual = actual.siguiente;
                        }

                    } else {
                %>

                    <tr>

                        <td colspan="5"
                            class="text-center text-muted">

                            No existen tickets registrados.

                        </td>

                    </tr>

                <%
                    }
                %>

                </tbody>

            </table>

        </div>

    </div>

    <!-- ===================================================== -->
    <!-- DESCARGA -->
    <!-- ===================================================== -->

    <div class="card p-4 mb-4">

        <h4 class="mb-3">

            Persistencia TXT

        </h4>

        <p class="text-muted">

            Descarga el archivo de respaldo del sistema.

        </p>

        <a href="${pageContext.request.contextPath}/descargar"
           class="btn btn-success">

            <i class="bi bi-download"></i>

            Descargar tickets.txt

        </a>

    </div>

    <!-- ===================================================== -->
    <!-- RECORRIDO INVERSO -->
    <!-- ===================================================== -->

    <div class="card p-4"
         id="recorrido">

        <h4 class="mb-3">

            Recorrido Inverso

        </h4>

        <p class="text-muted">

            Visualización desde la cola hasta la cabeza
            de la lista doblemente enlazada.

        </p>

        <div class="text-center">

            <span class="badge bg-dark p-2 mb-3">

                COLA

            </span>

            <%
                if (gestor != null &&
                    gestor.getLista() != null &&
                    gestor.getLista().getCola() != null) {

                    NodoDoble actual =
                            gestor.getLista().getCola();

                    while(actual != null){
            %>

                <div class="card nodo-card mx-auto mb-3"
                     style="max-width:400px;">

                    <div class="card-body">

                        <h5 class="text-primary">

                            Ticket:
                            <%= actual.dato.getId() %>

                        </h5>

                        <p class="mb-1">

                            <strong>Pasajero:</strong>

                            <%= actual.dato.getPasajero() %>

                        </p>

                        <p class="mb-1">

                            <strong>Origen:</strong>

                            <%= actual.dato.getOrigen() %>

                        </p>

                        <p class="mb-0">

                            <strong>Destino:</strong>

                            <%= actual.dato.getDestino() %>

                        </p>

                    </div>

                </div>

                <div class="fs-4 mb-2">
                    ↑
                </div>

            <%
                        actual = actual.anterior;
                    }

                } else {
            %>

                <div class="alert alert-secondary">

                    No existen tickets registrados.

                </div>

            <%
                }
            %>

            <span class="badge bg-primary p-2">

                CABEZA

            </span>

        </div>

    </div>

</div>

<!-- ===================================================== -->
<!-- BOOTSTRAP JS -->
<!-- ===================================================== -->

<script src="https://cdn.jsdelivr.net/npm/bootstrap@5.3.0/dist/js/bootstrap.bundle.min.js"></script>

<!-- ===================================================== -->
<!-- SCRIPTS -->
<!-- ===================================================== -->

<script>

    // =====================================================
    // BUSCADOR DINÁMICO
    // =====================================================

    const buscador =
            document.getElementById("buscadorTickets");

    buscador.addEventListener("keyup", function () {

        let filtro =
                buscador.value.toLowerCase();

        let filas =
                document.querySelectorAll(
                        "#tablaTickets tr"
                );

        filas.forEach(function(fila){

            let texto =
                    fila.textContent.toLowerCase();

            if(texto.includes(filtro)){

                fila.style.display = "";

            } else {

                fila.style.display = "none";
            }

        });

    });

    // =====================================================
    // CONFIRMAR ELIMINACIÓN
    // =====================================================

    function confirmarEliminacion(){

        return confirm(
                "¿Desea eliminar este ticket?"
        );
    }

</script>

</body>
</html>